// Jest Snapshot v1, https://goo.gl/fbAQLP

exports[`App renders correctly 1`] = `
<DocumentFragment>
  <div
    class="app"
  >
    <img
      alt="NASA logo"
      class="nasa-img"
      src="https://cdn.cnn.com/cnnnext/dam/assets/200424060716-nasa-worm-logo.jpg"
    />
    <form
      class="search-form"
    >
      <input
        class="search-input"
        type="text"
        value=""
      />
      <button
        class="search-button"
        type="submit"
      >
        SEARCH
      </button>
    </form>
  </div>
</DocumentFragment>
`;
